// Jest Snapshot v1, https://goo.gl/fbAQLP

exports[`elements/Spinner should render 1`] = `
<ForwardRef
  style={
    Object {
      "transform": Array [
        Object {
          "rotate": "0deg",
        },
      ],
    }
  }
/>
`;
